Running 4 regimes in parallel...

  bull_2021: Sharpe=17.96  AnnReturn=+22643625.1%  MaxDD=4.88%  Score=16.11
  crash_bear: Sharpe=14.02  AnnReturn=+1110778.6%  MaxDD=4.68%  Score=9.62
  sideways: Sharpe=11.89  AnnReturn=+45448.9%  MaxDD=4.81%  Score=6.25
  rally_2024: Sharpe=12.79  AnnReturn=+163763.4%  MaxDD=4.30%  Score=7.41

Total wall time: 438.2s

========================================================================================================================
Regime          Period                      Sharpe    AnnRet%   MaxDD%  Trades    Win%     PF    Score
------------------------------------------------------------------------------------------------------------------------
bull_2021       2021-01-01~2021-10-31     17.96  +22643625.1%     4.88%   12549    80.6%   17.7     16.11
crash_bear      2021-11-01~2022-12-31     14.02  +1110778.6%     4.68%   16056    87.8%   17.3      9.62
sideways        2023-01-01~2023-12-31     11.89   +45448.9%     4.81%   12934    86.6%   20.7      6.25
rally_2024      2024-01-01~2024-12-31     12.79  +163763.4%     4.30%   13274    89.6%   36.0      7.41
========================================================================================================================
---
composite_score:    8.269982
raw_composite:      10.867843
mean_score:         9.847742
std_score:          3.813520
num_regimes:        4
regime_bull_2021_score: 16.109567
regime_bull_2021_sharpe: 17.962606
regime_bull_2021_annual_return_pct: 22643625.065038
regime_bull_2021_max_dd: 4.878749
regime_bull_2021_stability: 0.800021
regime_bull_2021_flip_count: 1672
regime_bull_2021_flip_wr: 10.17
regime_bull_2021_flip_pnl: -625.29
regime_crash_bear_score: 9.624918
regime_crash_bear_sharpe: 14.016101
regime_crash_bear_annual_return_pct: 1110778.591405
regime_crash_bear_max_dd: 4.682781
regime_crash_bear_stability: 0.791365
regime_crash_bear_flip_count: 2287
regime_crash_bear_flip_wr: 12.29
regime_crash_bear_flip_pnl: -799.09
regime_sideways_score: 6.246492
regime_sideways_sharpe: 11.894651
regime_sideways_annual_return_pct: 45448.908636
regime_sideways_max_dd: 4.808680
regime_sideways_stability: 0.778172
regime_sideways_flip_count: 1934
regime_sideways_flip_wr: 13.34
regime_sideways_flip_pnl: -476.76
regime_rally_2024_score: 7.409991
regime_rally_2024_sharpe: 12.792690
regime_rally_2024_annual_return_pct: 163763.433445
regime_rally_2024_max_dd: 4.296459
regime_rally_2024_stability: 0.772287
regime_rally_2024_flip_count: 2056
regime_rally_2024_flip_wr: 13.08
regime_rally_2024_flip_pnl: -633.68
min_stability: 0.772287
total_flip_count: 7949
flip_pct_of_trades: 14.5
mean_flip_wr: 12.22
